                                                         about.Rmd 
                  "/home/runner/work/p2p/p2p/docs_pages/about.Rmd" 
                                                       contact.Rmd 
                "/home/runner/work/p2p/p2p/docs_pages/contact.Rmd" 
                                                  data_in_situ.Rmd 
           "/home/runner/work/p2p/p2p/docs_pages/data_in_situ.Rmd" 
                                              data_rocky_shore.Rmd 
       "/home/runner/work/p2p/p2p/docs_pages/data_rocky_shore.Rmd" 
                                                       data_rs.Rmd 
                "/home/runner/work/p2p/p2p/docs_pages/data_rs.Rmd" 
                                              data_sandy_beach.Rmd 
       "/home/runner/work/p2p/p2p/docs_pages/data_sandy_beach.Rmd" 
                                                        events.Rmd 
                 "/home/runner/work/p2p/p2p/docs_pages/events.Rmd" 
                                                         index.Rmd 
                  "/home/runner/work/p2p/p2p/docs_pages/index.Rmd" 
                                                       members.Rmd 
                "/home/runner/work/p2p/p2p/docs_pages/members.Rmd" 
                                          methods_data_science.Rmd 
   "/home/runner/work/p2p/p2p/docs_pages/methods_data_science.Rmd" 
                                       methods_field_protocols.Rmd 
"/home/runner/work/p2p/p2p/docs_pages/methods_field_protocols.Rmd" 
                                                         _site.yml 
                  "/home/runner/work/p2p/p2p/docs_pages/_site.yml" 
                                                         _includes 
                  "/home/runner/work/p2p/p2p/docs_pages/_includes" 
                                                              data 
                       "/home/runner/work/p2p/p2p/docs_pages/data" 
                                                            images 
                     "/home/runner/work/p2p/p2p/docs_pages/images" 
                                                         protocols 
                  "/home/runner/work/p2p/p2p/docs_pages/protocols" 
1/3        
2/3 [setup]
3/3        
/usr/bin/pandoc +RTS -K512m -RTS about.knit.md --to html4 --from markdown+autolink_bare_uris+tex_math_single_backslash --output about.html --lua-filter /home/runner/work/_temp/Library/rmarkdown/rmarkdown/lua/pagebreak.lua --lua-filter /home/runner/work/_temp/Library/rmarkdown/rmarkdown/lua/latex-div.lua --variable bs3=TRUE --standalone --section-divs --template /home/runner/work/_temp/Library/rmarkdown/rmd/h/default.html --no-highlight --variable highlightjs=1 --include-before-body /tmp/RtmpsgnrZy/rmarkdown-str19d610875cc4.html --variable navbar=1 --variable theme=cosmo --css styles.css --mathjax --variable 'mathjax-url=https://mathjax.rstudio.com/latest/MathJax.js?config=TeX-AMS-MML_HTMLorMML' --include-in-header /tmp/RtmpsgnrZy/rmarkdown-str19d62a4bb48a.html --include-after-body _includes/footer.html 
1/3        
2/3 [setup]
3/3        
/usr/bin/pandoc +RTS -K512m -RTS contact.knit.md --to html4 --from markdown+autolink_bare_uris+tex_math_single_backslash --output contact.html --lua-filter /home/runner/work/_temp/Library/rmarkdown/rmarkdown/lua/pagebreak.lua --lua-filter /home/runner/work/_temp/Library/rmarkdown/rmarkdown/lua/latex-div.lua --variable bs3=TRUE --standalone --section-divs --template /home/runner/work/_temp/Library/rmarkdown/rmd/h/default.html --no-highlight --variable highlightjs=1 --include-before-body /tmp/RtmpsgnrZy/rmarkdown-str19d63d3c40fe.html --variable navbar=1 --variable theme=cosmo --css styles.css --mathjax --variable 'mathjax-url=https://mathjax.rstudio.com/latest/MathJax.js?config=TeX-AMS-MML_HTMLorMML' --include-in-header /tmp/RtmpsgnrZy/rmarkdown-str19d62291b5dd.html --include-after-body _includes/footer.html 
1/3        
2/3 [setup]
3/3        
/usr/bin/pandoc +RTS -K512m -RTS data_in_situ.knit.md --to html4 --from markdown+autolink_bare_uris+tex_math_single_backslash --output data_in_situ.html --lua-filter /home/runner/work/_temp/Library/rmarkdown/rmarkdown/lua/pagebreak.lua --lua-filter /home/runner/work/_temp/Library/rmarkdown/rmarkdown/lua/latex-div.lua --variable bs3=TRUE --standalone --section-divs --template /home/runner/work/_temp/Library/rmarkdown/rmd/h/default.html --no-highlight --variable highlightjs=1 --include-before-body /tmp/RtmpsgnrZy/rmarkdown-str19d64b894548.html --variable navbar=1 --variable theme=cosmo --css styles.css --mathjax --variable 'mathjax-url=https://mathjax.rstudio.com/latest/MathJax.js?config=TeX-AMS-MML_HTMLorMML' --include-in-header /tmp/RtmpsgnrZy/rmarkdown-str19d657c12834.html --include-after-body _includes/footer.html 
1/3        
2/3 [setup]
3/3        
/usr/bin/pandoc +RTS -K512m -RTS data_rocky_shore.knit.md --to html4 --from markdown+autolink_bare_uris+tex_math_single_backslash --output data_rocky_shore.html --lua-filter /home/runner/work/_temp/Library/rmarkdown/rmarkdown/lua/pagebreak.lua --lua-filter /home/runner/work/_temp/Library/rmarkdown/rmarkdown/lua/latex-div.lua --variable bs3=TRUE --standalone --section-divs --template /home/runner/work/_temp/Library/rmarkdown/rmd/h/default.html --no-highlight --variable highlightjs=1 --include-before-body /tmp/RtmpsgnrZy/rmarkdown-str19d672124128.html --variable navbar=1 --variable theme=cosmo --css styles.css --mathjax --variable 'mathjax-url=https://mathjax.rstudio.com/latest/MathJax.js?config=TeX-AMS-MML_HTMLorMML' --include-in-header /tmp/RtmpsgnrZy/rmarkdown-str19d63440b80f.html --include-after-body _includes/footer.html 
1/3        
2/3 [setup]
3/3        
/usr/bin/pandoc +RTS -K512m -RTS data_rs.knit.md --to html4 --from markdown+autolink_bare_uris+tex_math_single_backslash --output data_rs.html --lua-filter /home/runner/work/_temp/Library/rmarkdown/rmarkdown/lua/pagebreak.lua --lua-filter /home/runner/work/_temp/Library/rmarkdown/rmarkdown/lua/latex-div.lua --variable bs3=TRUE --standalone --section-divs --template /home/runner/work/_temp/Library/rmarkdown/rmd/h/default.html --no-highlight --variable highlightjs=1 --include-before-body /tmp/RtmpsgnrZy/rmarkdown-str19d622547d7.html --variable navbar=1 --variable theme=cosmo --css styles.css --mathjax --variable 'mathjax-url=https://mathjax.rstudio.com/latest/MathJax.js?config=TeX-AMS-MML_HTMLorMML' --include-in-header /tmp/RtmpsgnrZy/rmarkdown-str19d645eec463.html --include-after-body _includes/footer.html 
1/3        
2/3 [setup]
3/3        
/usr/bin/pandoc +RTS -K512m -RTS data_sandy_beach.knit.md --to html4 --from markdown+autolink_bare_uris+tex_math_single_backslash --output data_sandy_beach.html --lua-filter /home/runner/work/_temp/Library/rmarkdown/rmarkdown/lua/pagebreak.lua --lua-filter /home/runner/work/_temp/Library/rmarkdown/rmarkdown/lua/latex-div.lua --variable bs3=TRUE --standalone --section-divs --template /home/runner/work/_temp/Library/rmarkdown/rmd/h/default.html --no-highlight --variable highlightjs=1 --include-before-body /tmp/RtmpsgnrZy/rmarkdown-str19d6252ded82.html --variable navbar=1 --variable theme=cosmo --css styles.css --mathjax --variable 'mathjax-url=https://mathjax.rstudio.com/latest/MathJax.js?config=TeX-AMS-MML_HTMLorMML' --include-in-header /tmp/RtmpsgnrZy/rmarkdown-str19d63ffb8e98.html --include-after-body _includes/footer.html 
1/11                  
2/11 [setup]          
3/11                  
4/11 [unnamed-chunk-1]
5/11                  
6/11 [unnamed-chunk-2]
7/11                  
8/11 [unnamed-chunk-3]
9/11                  
10/11 [unnamed-chunk-4]
11/11                  
/usr/bin/pandoc +RTS -K512m -RTS events.knit.md --to html4 --from markdown+autolink_bare_uris+tex_math_single_backslash --output events.html --lua-filter /home/runner/work/_temp/Library/rmarkdown/rmarkdown/lua/pagebreak.lua --lua-filter /home/runner/work/_temp/Library/rmarkdown/rmarkdown/lua/latex-div.lua --variable bs3=TRUE --standalone --section-divs --template /home/runner/work/_temp/Library/rmarkdown/rmd/h/default.html --no-highlight --variable highlightjs=1 --include-before-body /tmp/RtmpsgnrZy/rmarkdown-str19d6aad9652.html --variable navbar=1 --variable theme=cosmo --css styles.css --mathjax --variable 'mathjax-url=https://mathjax.rstudio.com/latest/MathJax.js?config=TeX-AMS-MML_HTMLorMML' --include-in-header /tmp/RtmpsgnrZy/rmarkdown-str19d66c6b4386.html --include-after-body _includes/footer.html 
1/9                  
2/9 [setup]          
3/9                  
4/9 [unnamed-chunk-1]
5/9                  
6/9 [unnamed-chunk-2]
7/9                  
8/9 [unnamed-chunk-3]
9/9                  
/usr/bin/pandoc +RTS -K512m -RTS index.knit.md --to html4 --from markdown+autolink_bare_uris+tex_math_single_backslash --output index.html --lua-filter /home/runner/work/_temp/Library/rmarkdown/rmarkdown/lua/pagebreak.lua --lua-filter /home/runner/work/_temp/Library/rmarkdown/rmarkdown/lua/latex-div.lua --variable bs3=TRUE --standalone --section-divs --template /home/runner/work/_temp/Library/rmarkdown/rmd/h/default.html --no-highlight --variable highlightjs=1 --include-before-body /tmp/RtmpsgnrZy/rmarkdown-str19d644cf95d2.html --variable navbar=1 --variable theme=cosmo --css styles.css --mathjax --variable 'mathjax-url=https://mathjax.rstudio.com/latest/MathJax.js?config=TeX-AMS-MML_HTMLorMML' --include-in-header /tmp/RtmpsgnrZy/rmarkdown-str19d6236908b5.html --include-after-body _includes/footer.html 
1/6                  
2/6 [unnamed-chunk-1]
3/6                  
4/6 [unnamed-chunk-2]
5/6                  
6/6 [unnamed-chunk-3]
/usr/bin/pandoc +RTS -K512m -RTS members.knit.md --to html4 --from markdown+autolink_bare_uris+tex_math_single_backslash --output members.html --lua-filter /home/runner/work/_temp/Library/rmarkdown/rmarkdown/lua/pagebreak.lua --lua-filter /home/runner/work/_temp/Library/rmarkdown/rmarkdown/lua/latex-div.lua --variable bs3=TRUE --standalone --section-divs --template /home/runner/work/_temp/Library/rmarkdown/rmd/h/default.html --no-highlight --variable highlightjs=1 --include-before-body /tmp/RtmpsgnrZy/rmarkdown-str19d64a39fa43.html --variable navbar=1 --variable theme=cosmo --css styles.css --mathjax --variable 'mathjax-url=https://mathjax.rstudio.com/latest/MathJax.js?config=TeX-AMS-MML_HTMLorMML' --include-in-header /tmp/RtmpsgnrZy/rmarkdown-str19d6be64710.html --include-after-body _includes/footer.html 
1/5                  
2/5 [setup]          
3/5                  
4/5 [unnamed-chunk-1]
5/5                  
/usr/bin/pandoc +RTS -K512m -RTS methods_data_science.knit.md --to html4 --from markdown+autolink_bare_uris+tex_math_single_backslash --output methods_data_science.html --lua-filter /home/runner/work/_temp/Library/rmarkdown/rmarkdown/lua/pagebreak.lua --lua-filter /home/runner/work/_temp/Library/rmarkdown/rmarkdown/lua/latex-div.lua --variable bs3=TRUE --standalone --section-divs --template /home/runner/work/_temp/Library/rmarkdown/rmd/h/default.html --no-highlight --variable highlightjs=1 --include-before-body /tmp/RtmpsgnrZy/rmarkdown-str19d643677c9b.html --variable navbar=1 --variable theme=cosmo --css styles.css --mathjax --variable 'mathjax-url=https://mathjax.rstudio.com/latest/MathJax.js?config=TeX-AMS-MML_HTMLorMML' --include-in-header /tmp/RtmpsgnrZy/rmarkdown-str19d669bfde09.html --include-after-body _includes/footer.html 
1/5                  
2/5 [setup]          
3/5                  
4/5 [unnamed-chunk-1]
5/5                  
/usr/bin/pandoc +RTS -K512m -RTS methods_field_protocols.knit.md --to html4 --from markdown+autolink_bare_uris+tex_math_single_backslash --output methods_field_protocols.html --lua-filter /home/runner/work/_temp/Library/rmarkdown/rmarkdown/lua/pagebreak.lua --lua-filter /home/runner/work/_temp/Library/rmarkdown/rmarkdown/lua/latex-div.lua --variable bs3=TRUE --standalone --section-divs --template /home/runner/work/_temp/Library/rmarkdown/rmd/h/default.html --no-highlight --variable highlightjs=1 --include-before-body /tmp/RtmpsgnrZy/rmarkdown-str19d663fd42c7.html --variable navbar=1 --variable theme=cosmo --css styles.css --mathjax --variable 'mathjax-url=https://mathjax.rstudio.com/latest/MathJax.js?config=TeX-AMS-MML_HTMLorMML' --include-in-header /tmp/RtmpsgnrZy/rmarkdown-str19d64d48cebb.html --include-after-body _includes/footer.html 
